[poppywellby.com/index.html]
[backblue.gif]
[fade.gif]
[index.html]
[poppywellby.com/wp-includes/css/dist/block-library/style.minffe1.css]
[maxcdn.bootstrapcdn.com/index.html]
[poppywellby.com/wp-content/plugins/themeisle-companion/obfx_modules/gutenberg-blocks/assets/fontawesome/css/all.minffe1.css]
[poppywellby.com/wp-content/plugins/themeisle-companion/obfx_modules/gutenberg-blocks/assets/fontawesome/css/v4-shims.minffe1.css]
[fonts.googleapis.com/index.html]
[poppywellby.com/feed/index.html]
[poppywellby.com/wp-content/plugins/themeisle-companion/vendor/codeinwp/gutenberg-blocks/build/styleffe1.css]
[poppywellby.com/wp-content/plugins/cactus-companion/assets/css/frontffe1.css]
[poppywellby.com/comments/feed/index.html]
[poppywellby.com/wp-includes/css/dashicons.minffe1.css]
[maxcdn.bootstrapcdn.com/font-awesome/4.7.0/css/font-awesome.minf71b.css]
[poppywellby.com/wp-content/plugins/themeisle-companion/obfx_modules/menu-icons/css/publicf71b.css]
[poppywellby.com/wp-content/themes/cactus/assets/plugins/bootstrap/css/bootstrapffe1.css]
[poppywellby.com/wp-content/themes/cactus/assets/plugins/font-awesome/css/font-awesome.minffe1.css]
[poppywellby.com/wp-content/themes/cactus/assets/plugins/owl-carousel/css/owl.carouselffe1.css]
[poppywellby.com/wp-content/themes/cactus/assets/plugins/prettyphoto/css/prettyPhoto.minffe1.css]
[poppywellby.com/wp-content/themes/cactus/styleffe1.css]
[poppywellby.com/wp-content/themes/cactus/assets/images/bg-counter.jpg]
[poppywellby.com/wp-content/plugins/google-analytics-for-wordpress/assets/js/frontend.min0f3b.js]
[poppywellby.com/wp-includes/js/jquery/jquery-migrate.min330a.js]
[poppywellby.com/wp-content/plugins/pirate-forms/public/js/custom-spamffe1.js]
[poppywellby.com/xmlrpc0db0.php]
[poppywellby.com/wp-includes/wlwmanifest.xml]
[poppywellby.com/wp-json/oembed/1.0/embed1030.json]
[poppywellby.com/wp-json/index.html]
[poppywellby.com/wp-json/oembed/1.0/embed8f43]
[poppywellby.com/wp-content/uploads/sites/3/2018/06/pexels-photo-10390786.jpg]
[poppywellby.com/wp-includes/js/jquery/jqueryb8ff.js]
[poppywellby.com/wp-content/plugins/cactus-companion/assets/js/frontffe1.js]
[poppywellby.com/what-i-offer-to-you/index.html]
[poppywellby.com/wp-content/themes/cactus/assets/plugins/bootstrap/js/bootstrap.min.js]
[poppywellby.com/executive-and-business-coaching/index.html]
[poppywellby.com/wp-content/themes/cactus/assets/plugins/respond.min.js]
[poppywellby.com/about-me/index.html]
[poppywellby.com/wp-content/themes/cactus/assets/plugins/owl-carousel/js/owl.carousel.min.js]
[poppywellby.com/working-with-me/index.html]
[poppywellby.com/wp-content/themes/cactus/assets/plugins/waypoints/jquery.waypoints.min.js]
[poppywellby.com/frequently-asked-questions/index.html]
[poppywellby.com/wp-content/themes/cactus/assets/plugins/counter-up/jquery.counterup.js]
[poppywellby.com/wp-content/themes/cactus/assets/plugins/parallax/jquery.parallax-1.1.3.js]
[poppywellby.com/wp-content/themes/cactus/assets/plugins/mixitup/mixitup.min.js]
[poppywellby.com/wp-content/themes/cactus/assets/js/cactus.js]
[poppywellby.com/wp-includes/js/wp-embed.minffe1.js]
[poppywellby.com/wp-content/themes/cactus/assets/plugins/prettyphoto/js/jquery.prettyPhoto.min.js]
[poppywellby.com/index.html]
[gmpg.org/xfn/11.html]
[maxcdn.bootstrapcdn.com/index.html]
[fonts.googleapis.com/index.html]
[s.w.org/index.html]
[poppywellby.com/wp-includes/css/dist/block-library/style.minffe1.css]
[poppywellby.com/wp-content/plugins/themeisle-companion/obfx_modules/gutenberg-blocks/assets/fontawesome/webfonts/fa-brands-400.eot]
[poppywellby.com/wp-content/plugins/themeisle-companion/obfx_modules/gutenberg-blocks/assets/fontawesome/webfonts/fa-brands-400d41d.eot]
[poppywellby.com/wp-content/plugins/themeisle-companion/obfx_modules/gutenberg-blocks/assets/fontawesome/webfonts/fa-brands-400.woff]
[poppywellby.com/wp-content/plugins/themeisle-companion/obfx_modules/gutenberg-blocks/assets/fontawesome/webfonts/fa-regular-400.eot]
[poppywellby.com/wp-content/plugins/themeisle-companion/obfx_modules/gutenberg-blocks/assets/fontawesome/webfonts/fa-brands-400.svg]
[poppywellby.com/wp-content/plugins/themeisle-companion/obfx_modules/gutenberg-blocks/assets/fontawesome/webfonts/fa-regular-400d41d.eot]
[poppywellby.com/wp-content/plugins/themeisle-companion/obfx_modules/gutenberg-blocks/assets/fontawesome/webfonts/fa-regular-400.woff]
[poppywellby.com/wp-content/plugins/themeisle-companion/obfx_modules/gutenberg-blocks/assets/fontawesome/webfonts/fa-regular-400.svg]
[poppywellby.com/wp-content/plugins/themeisle-companion/obfx_modules/gutenberg-blocks/assets/fontawesome/webfonts/fa-solid-900.eot]
[poppywellby.com/wp-content/plugins/themeisle-companion/obfx_modules/gutenberg-blocks/assets/fontawesome/webfonts/fa-solid-900d41d.eot]
[poppywellby.com/wp-content/plugins/themeisle-companion/obfx_modules/gutenberg-blocks/assets/fontawesome/webfonts/fa-solid-900.woff]
[poppywellby.com/wp-content/plugins/themeisle-companion/obfx_modules/gutenberg-blocks/assets/fontawesome/webfonts/fa-solid-900.svg]
[poppywellby.com/wp-content/plugins/themeisle-companion/obfx_modules/gutenberg-blocks/assets/fontawesome/css/all.minffe1.css]
[poppywellby.com/wp-content/plugins/themeisle-companion/obfx_modules/gutenberg-blocks/assets/fontawesome/css/v4-shims.minffe1.css]
[poppywellby.com/wp-content/plugins/themeisle-companion/vendor/codeinwp/gutenberg-blocks/build/styleffe1.css]
[poppywellby.com/wp-content/plugins/cactus-companion/assets/css/frontffe1.css]
[poppywellby.com/wp-includes/fonts/dashicons.eot]
[poppywellby.com/wp-includes/css/dashicons.minffe1.css]
[maxcdn.bootstrapcdn.com/font-awesome/4.7.0/css/font-awesome.minf71b.css]
[poppywellby.com/wp-content/plugins/themeisle-companion/obfx_modules/menu-icons/css/publicf71b.css]
[fonts.googleapis.com/css44d1.css]
[poppywellby.com/wp-content/themes/cactus/assets/plugins/bootstrap/fonts/glyphicons-halflings-regular.eot]
[poppywellby.com/wp-content/themes/cactus/assets/plugins/bootstrap/fonts/glyphicons-halflings-regulard41d.eot]
[maxcdn.bootstrapcdn.com/font-awesome/4.7.0/fonts/fontawesome-webfont3e6e.svg]
[poppywellby.com/wp-content/themes/cactus/assets/plugins/bootstrap/fonts/glyphicons-halflings-regular.woff]
[poppywellby.com/wp-content/themes/cactus/assets/plugins/bootstrap/fonts/glyphicons-halflings-regular.svg]
[poppywellby.com/wp-content/themes/cactus/assets/plugins/bootstrap/css/bootstrapffe1.css]
[poppywellby.com/wp-content/themes/cactus/assets/plugins/font-awesome/fonts/fontawesome-webfont3e6e.eot]
[poppywellby.com/wp-content/themes/cactus/assets/plugins/font-awesome/fonts/fontawesome-webfontd41d.eot]
[poppywellby.com/wp-content/themes/cactus/assets/plugins/font-awesome/fonts/fontawesome-webfont3e6e.woff]
[poppywellby.com/wp-content/themes/cactus/assets/plugins/font-awesome/fonts/fontawesome-webfont3e6e.svg]
[poppywellby.com/wp-content/themes/cactus/assets/plugins/font-awesome/css/font-awesome.minffe1.css]
[poppywellby.com/wp-content/themes/cactus/assets/plugins/owl-carousel/css/owl.video.play.png]
[poppywellby.com/wp-content/themes/cactus/assets/plugins/owl-carousel/css/owl.carouselffe1.css]
[poppywellby.com/wp-content/themes/cactus/assets/plugins/prettyphoto/images/prettyPhoto/default/sprite.png]
[poppywellby.com/wp-content/themes/cactus/assets/plugins/prettyphoto/images/prettyPhoto/default/sprite_x.png]
[poppywellby.com/wp-content/themes/cactus/assets/plugins/prettyphoto/images/prettyPhoto/default/sprite_y.png]
[poppywellby.com/wp-content/themes/cactus/assets/plugins/prettyphoto/images/prettyPhoto/default/sprite_next.png]
[poppywellby.com/wp-content/themes/cactus/assets/plugins/prettyphoto/images/prettyPhoto/default/sprite_prev.png]
[poppywellby.com/wp-content/themes/cactus/assets/plugins/prettyphoto/images/prettyPhoto/default/default_thumb.png]
[poppywellby.com/wp-content/themes/cactus/assets/plugins/prettyphoto/images/prettyPhoto/default/loader.gif]
[poppywellby.com/wp-content/themes/cactus/assets/plugins/prettyphoto/images/prettyPhoto/light_rounded/sprite.png]
[poppywellby.com/wp-content/themes/cactus/assets/plugins/prettyphoto/images/prettyPhoto/light_rounded/btnNext.png]
[poppywellby.com/wp-content/themes/cactus/assets/plugins/prettyphoto/images/prettyPhoto/light_rounded/btnPrevious.png]
[poppywellby.com/wp-content/themes/cactus/assets/plugins/prettyphoto/images/prettyPhoto/light_rounded/loader.gif]
[poppywellby.com/wp-content/themes/cactus/assets/plugins/prettyphoto/images/prettyPhoto/dark_rounded/sprite.png]
[poppywellby.com/wp-content/themes/cactus/assets/plugins/prettyphoto/images/prettyPhoto/dark_rounded/contentPattern.png]
[poppywellby.com/wp-content/themes/cactus/assets/plugins/prettyphoto/images/prettyPhoto/dark_rounded/btnNext.png]
[poppywellby.com/wp-content/themes/cactus/assets/plugins/prettyphoto/images/prettyPhoto/dark_rounded/btnPrevious.png]
[poppywellby.com/wp-content/themes/cactus/assets/plugins/prettyphoto/images/prettyPhoto/dark_rounded/loader.gif]
[poppywellby.com/wp-content/themes/cactus/assets/plugins/prettyphoto/images/prettyPhoto/dark_square/loader.gif]
[poppywellby.com/wp-content/themes/cactus/assets/plugins/prettyphoto/images/prettyPhoto/dark_square/sprite.png]
[poppywellby.com/wp-content/themes/cactus/assets/plugins/prettyphoto/images/prettyPhoto/dark_square/btnNext.png]
[poppywellby.com/wp-content/themes/cactus/assets/plugins/prettyphoto/images/prettyPhoto/dark_square/btnPrevious.png]
[poppywellby.com/wp-content/themes/cactus/assets/plugins/prettyphoto/images/prettyPhoto/light_square/sprite.png]
[poppywellby.com/wp-content/themes/cactus/assets/plugins/prettyphoto/images/prettyPhoto/light_square/btnNext.png]
[poppywellby.com/wp-content/themes/cactus/assets/plugins/prettyphoto/images/prettyPhoto/light_square/btnPrevious.png]
[poppywellby.com/wp-content/themes/cactus/assets/plugins/prettyphoto/images/prettyPhoto/facebook/sprite.png]
[poppywellby.com/wp-content/themes/cactus/assets/plugins/prettyphoto/images/prettyPhoto/facebook/contentPatternTop.png]
[poppywellby.com/wp-content/themes/cactus/assets/plugins/prettyphoto/images/prettyPhoto/facebook/contentPatternLeft.png]
[poppywellby.com/wp-content/themes/cactus/assets/plugins/prettyphoto/images/prettyPhoto/facebook/contentPatternRight.png]
[poppywellby.com/wp-content/themes/cactus/assets/plugins/prettyphoto/images/prettyPhoto/facebook/loader.gif]
[poppywellby.com/wp-content/themes/cactus/assets/plugins/prettyphoto/images/prettyPhoto/facebook/btnNext.png]
[poppywellby.com/wp-content/themes/cactus/assets/plugins/prettyphoto/images/prettyPhoto/facebook/btnPrevious.png]
[poppywellby.com/wp-content/themes/cactus/assets/plugins/prettyphoto/images/prettyPhoto/facebook/contentPatternBottom.png]
[poppywellby.com/wp-content/themes/cactus/assets/plugins/prettyphoto/images/prettyPhoto/facebook/default_thumbnail.gif]
[poppywellby.com/wp-content/themes/cactus/assets/plugins/prettyphoto/css/prettyPhoto.minffe1.css]
[poppywellby.com/wp-content/themes/cactus/styleffe1.css]
[poppywellby.com/wp-json/oembed/1.0/embed8454.json]
[poppywellby.com/wp-json/oembed/1.0/embeda217]
[poppywellby.com/what-i-offer-to-you/index.html]
[poppywellby.com/wp-json/oembed/1.0/embed0942.json]
[poppywellby.com/wp-json/oembed/1.0/embed5a74]
[poppywellby.com/executive-and-business-coaching/index.html]
[poppywellby.com/wp-json/oembed/1.0/embed2c56.json]
[poppywellby.com/wp-json/oembed/1.0/embed3fb4]
[poppywellby.com/wp-content/uploads/sites/3/2019/04/Photo-on-28-09-2018-at-17.39.jpg]
[poppywellby.com/wp-content/uploads/sites/3/2018/02/AC-logo-1.jpg]
[poppywellby.com/about-me/index.html]
[poppywellby.com/wp-json/oembed/1.0/embed5a37.json]
[poppywellby.com/working-with-me/index.html]
[poppywellby.com/wp-json/oembed/1.0/embed651f]
[poppywellby.com/wp-json/oembed/1.0/embedeffc.json]
[poppywellby.com/wp-json/oembed/1.0/embedb3aa]
[poppywellby.com/frequently-asked-questions/index.html]
[gmpg.org/xfn/default.css]
[gmpg.org/xfn/.html]
[gmpg.org/xfn/intro.html]
[gmpg.org/xfn/faq.html]
[poppywellby.com/wp-content/plugins/themeisle-companion/obfx_modules/gutenberg-blocks/assets/fontawesome/webfonts/fa-brands-400.html]
[poppywellby.com/wp-content/plugins/themeisle-companion/obfx_modules/gutenberg-blocks/assets/fontawesome/webfonts/fa-brands-401.html]
[poppywellby.com/wp-content/plugins/themeisle-companion/obfx_modules/gutenberg-blocks/assets/fontawesome/webfonts/fa-brands-400.svg]
[poppywellby.com/wp-content/plugins/themeisle-companion/obfx_modules/gutenberg-blocks/assets/fontawesome/webfonts/fa-regular-400.html]
[poppywellby.com/wp-content/plugins/themeisle-companion/obfx_modules/gutenberg-blocks/assets/fontawesome/webfonts/fa-regular-401.html]
[poppywellby.com/wp-content/plugins/themeisle-companion/obfx_modules/gutenberg-blocks/assets/fontawesome/webfonts/fa-regular-400.svg]
[poppywellby.com/wp-content/plugins/themeisle-companion/obfx_modules/gutenberg-blocks/assets/fontawesome/webfonts/fa-solid-900.html]
[poppywellby.com/wp-content/plugins/themeisle-companion/obfx_modules/gutenberg-blocks/assets/fontawesome/webfonts/fa-solid-901.html]
[poppywellby.com/wp-content/plugins/themeisle-companion/obfx_modules/gutenberg-blocks/assets/fontawesome/webfonts/fa-solid-900.svg]
[maxcdn.bootstrapcdn.com/font-awesome/4.7.0/fonts/fontawesome-webfont3e6e.svg]
[poppywellby.com/wp-content/themes/cactus/assets/plugins/bootstrap/fonts/glyphicons-halflings-regular.html]
[poppywellby.com/wp-content/themes/cactus/assets/plugins/bootstrap/fonts/glyphicons-halflings-regular-2.html]
[poppywellby.com/wp-content/themes/cactus/assets/plugins/bootstrap/fonts/glyphicons-halflings-regular.svg]
[poppywellby.com/wp-content/themes/cactus/assets/plugins/font-awesome/fonts/fontawesome-webfont3e6e.html]
[poppywellby.com/wp-content/themes/cactus/assets/plugins/font-awesome/fonts/fontawesome-webfont3e6e-2.html]
[poppywellby.com/wp-content/themes/cactus/assets/plugins/font-awesome/fonts/fontawesome-webfont3e6e.svg]
[poppywellby.com/index40a0.html]
[poppywellby.com/indexf488.html]
[poppywellby.com/index970c.html]
[poppywellby.com/index1c4a.html]
[poppywellby.com/index5c36.html]
[www.google-analytics.com/analytics.js]
